********************************************************************
Delay Instance Report - Date: Sat Aug 10 20:29:58 2024
Product: Designer
Release: v2024.1
Version: 2024.1.0.3
Design Name: DEFAULT_5FA9D321C0A50A8B39677C
Family: PolarFireSoC
Die: MPFS025T
Package: FCVG484
********************************************************************

Microchip Technology Inc. - Microchip Libero Software Release v2024.1 (Version 2024.1.0.3)


+-----------+-----------------------------------------------------------------------+-------------+-------------+-----------------+-----------+
| Type      | Instance Name                                                         | Param Name  | Delay Value | PDC Option Name | Editable? |
+-----------+-----------------------------------------------------------------------+-------------+-------------+-----------------+-----------+
| PLL_DELAY | CLOCKS_AND_RESETS_inst_0/PF_CCC_ADC_0/PF_CCC_ADC_0/pll_inst_0_DELAY   | CDELAY0_SEL | 0           | DELAY           | No        |
| PLL_DELAY | CLOCKS_AND_RESETS_inst_0/FPGA_CCC_C0_0/FPGA_CCC_C0_0/pll_inst_0_DELAY | CDELAY0_SEL | 0           | DELAY           | No        |
+-----------+-----------------------------------------------------------------------+-------------+-------------+-----------------+-----------+

